../Core/Src/main.c:93:5:main	136	static
../Core/Src/main.c:202:6:SystemClock_Config	88	static
../Core/Src/main.c:250:13:MX_I2C1_Init	8	static
../Core/Src/main.c:284:13:MX_USART2_UART_Init	8	static
../Core/Src/main.c:317:13:MX_GPIO_Init	48	static
../Core/Src/main.c:398:6:StartDefaultTask	32	static
../Core/Src/main.c:463:6:StartTask01	24	static
../Core/Src/main.c:508:6:StartTask02	16	static
../Core/Src/main.c:579:6:StartTask03	16	static
../Core/Src/main.c:616:6:HAL_TIM_PeriodElapsedCallback	16	static
../Core/Src/main.c:633:6:Error_Handler	4	static,ignoring_inline_asm
